// Jest Snapshot v1, https://goo.gl/fbAQLP

exports[`should render not found when accessing invalid route 1`] = `
<div>
  <div
    class="py-8 px-4 mx-auto max-w-full lg:py-16 lg:px-6 min-h-screen bg-white dark:bg-slate-800"
  >
    <nav
      class="fixed bottom-0 left-0 z-50 w-full h-16 bg-white border-t border-gray-200 dark:bg-gray-700 dark:border-gray-600"
    >
      <div
        class="grid h-full max-w-lg grid-cols-4 mx-auto font-medium"
      >
        <a
          class="inline-flex flex-col items-center justify-center px-5 hover:bg-gray-50 dark:hover:bg-gray-800 group"
          href="/"
        >
          <svg
            class="tabler-icon tabler-icon-home w-7 h-7 text-gray-500 dark:text-gray-400 group-hover:text-blue-600 dark:group-hover:text-blue-500"
            fill="none"
            height="24"
            stroke="currentColor"
            stroke-linecap="round"
            stroke-linejoin="round"
            stroke-width="2"
            viewBox="0 0 24 24"
            width="24"
            xmlns="http://www.w3.org/2000/svg"
          >
            <path
              d="M5 12l-2 0l9 -9l9 9l-2 0"
            />
            <path
              d="M5 12v7a2 2 0 0 0 2 2h10a2 2 0 0 0 2 -2v-7"
            />
            <path
              d="M9 21v-6a2 2 0 0 1 2 -2h2a2 2 0 0 1 2 2v6"
            />
          </svg>
          <span
            class="text-sm text-gray-500 dark:text-gray-400 group-hover:text-blue-600 dark:group-hover:text-blue-500"
          >
            Beranda
          </span>
        </a>
        <a
          class="inline-flex flex-col items-center justify-center px-5 hover:bg-gray-50 dark:hover:bg-gray-800 group"
          href="#kontak"
        >
          <svg
            class="tabler-icon tabler-icon-brand-whatsapp w-7 h-7 text-gray-500 dark:text-gray-400 group-hover:text-blue-600 dark:group-hover:text-blue-500"
            fill="none"
            height="24"
            stroke="currentColor"
            stroke-linecap="round"
            stroke-linejoin="round"
            stroke-width="2"
            viewBox="0 0 24 24"
            width="24"
            xmlns="http://www.w3.org/2000/svg"
          >
            <path
              d="M3 21l1.65 -3.8a9 9 0 1 1 3.4 2.9l-5.05 .9"
            />
            <path
              d="M9 10a.5 .5 0 0 0 1 0v-1a.5 .5 0 0 0 -1 0v1a5 5 0 0 0 5 5h1a.5 .5 0 0 0 0 -1h-1a.5 .5 0 0 0 0 1"
            />
          </svg>
          <span
            class="text-sm text-gray-500 dark:text-gray-400 group-hover:text-blue-600 dark:group-hover:text-blue-500"
          >
            Kontak
          </span>
        </a>
        <a
          class="inline-flex flex-col items-center justify-center px-5 hover:bg-gray-50 dark:hover:bg-gray-800 group"
          href="/api/auth/login"
        >
          <svg
            aria-hidden="true"
            class="w-7 h-7 text-gray-500 dark:text-gray-400 group-hover:text-blue-600 dark:group-hover:text-blue-500"
            fill="none"
            height="1em"
            stroke="currentColor"
            stroke-width="2"
            viewBox="0 0 24 24"
            width="1em"
            xmlns="http://www.w3.org/2000/svg"
          >
            <path
              d="M4 4v5h.582m15.356 2A8.001 8.001 0 004.582 9m0 0H9m11 11v-5h-.581m0 0a8.003 8.003 0 01-15.357-2m15.357 2H15"
              stroke-linecap="round"
              stroke-linejoin="round"
            />
          </svg>
          <span
            class="text-sm text-gray-500 dark:text-gray-400 group-hover:text-blue-600 dark:group-hover:text-blue-500"
          >
            Login
          </span>
        </a>
      </div>
    </nav>
    <div
      class="mt-12 mx-auto max-w-screen-sm text-center"
    >
      <h1
        class="mb-4 text-7xl tracking-tight font-extrabold lg:text-9xl text-blue-600 dark:text-blue-500"
      >
        404
      </h1>
      <p
        class="mb-4 text-3xl tracking-tight font-bold text-gray-900 md:text-4xl dark:text-white"
      >
        Halaman Tidak Ditemukan.
      </p>
      <p
        class="mb-4 text-lg font-light text-gray-700 dark:text-gray-400"
      >
        Kami tidak dapat menemukan halaman yang Anda cari.
      </p>
      <a
        class="bg-blue-500 p-4 border-4 border-black shadow-solid-sm inline-flex text-white hover:bg-blue-800 focus:ring-4 focus:outline-none focus:ring-blue-300 font-medium rounded-lg text-sm px-5 py-2.5 text-center dark:focus:ring-blue-900 my-4"
        href="/"
      >
        Kembali ke Beranda
      </a>
    </div>
  </div>
</div>
`;
